// Jest Snapshot v1, https://goo.gl/fbAQLP

exports[`<Card/> should render a card with color and text 1`] = `
<div>
  Hello World
</div>
`;
